001-hvdma fixed 15 1
002-hvdma_max fixed 15 1
005-irq fixed 45 1
006-nmi fixed 45 1
009-test_hdmasync fixed 46 1
016-HblankEmuTest fixed 15 1
026-GSUDIV2 fixed 16 1
056-CPUEOR fixed 15 1
065-CPUPSR fixed 16 1
072-SPC700ADC fixed 15 1
073-SPC700AND fixed 16 1
074-SPC700DEC fixed 15 1
075-SPC700EOR fixed 15 1
077-SPC700ORA fixed 16 1
080-op_timing_test_v2 fixed 15 1
081-timing_test fixed 16 1
082-test fixed 15 1
083-speed_test_v51 fixed 16 1
086-spc_dsp6 fixed 45 1
087-spc_mem_access_times fixed 46 1
088-spc_smp fixed 45 1
090-cputest fixed 180 1
092-blargg_near_cd_quality fixed 16 1
093-blargg_near_cd_quality2 fixed 15 1
105-timer_at_power_reset fixed 16 1
106-1-test_exec_from_io fixed 15 1
107-2-test_single_instr fixed 16 1
112-irq fixed 15 1
114-nmi fixed 16 1
132-nmi fixed 15 1
140-test_adc_16 fixed 15 1
142-test_sbc_16 fixed 16 1
154-test_adc fixed 15 1
158-test_hdmasync fixed 16 1
162-test_math fixed 15 1
171-test_mul fixed 16 1
173-test_hello fixed 15 1
174-test_noise fixed 15 1
176-ppubusact fixed 16 1
177-smpspeed fixed 15 1
191-hdmaen_latch_test fixed 16 1
192-hdmaen_latch_test_2 fixed 15 1
193-inidisp_brightness_delay fixed 16 1
195-inidisp_enable_display_mid_frame fixed 15 1
196-inidisp_forgot_to_force_blank fixed 16 1
208-scpu-a-dma-bug-ch0 fixed 15 1
215-u-hdmaen_latch_test fixed 21 1
216-u-hdmaen_latch_test_2 fixed 20 1
218-u-inidisp_brightness_delay fixed 20 1
219-u-inidisp_enable_display_mid_frame fixed 20 1
221-u-inidisp_forgot_to_force_blank_2 fixed 20 1
230-u-ipl-speed-test fixed 21 1
231-u-auto-joy-timing-test fixed 20 1
234-u-blip-autojoy-test fixed 21 1
235-u-blip-autojoy-timing-test fixed 20 1
236-u-clear-autojoy-1st-vb-sl fixed 21 1
238-u-clear-autojoy-during-autojoy fixed 20 1
240-u-enable-autojoy-late-test-2 fixed 21 1
241-u-enable-autojoy-late-test fixed 20 1
242-u-joypad-latch-clear-during-autojoy fixed 20 1
243-u-joypad-latch-set-during-autojoy fixed 20 1
244-u-joyser0-read-during-autojoy fixed 20 1
250-u-quick-model1-dma-crash-7 fixed 21 1
280-u-dma-ends-hdma-start-1-ch fixed 20 1
281-u-hdma-failure-last-dma-value-test fixed 21 1
END 03:50:11
