001-hvdma adaptive 4 2
002-hvdma_max adaptive 4 3
003-demo_irqtest adaptive 4 2
004-demo_nmitest adaptive 3 2
005-irq adaptive 4 2
006-nmi adaptive 4 2
007-snes_test_tsc adaptive 3 2
008-test_hdma adaptive 4 2
009-test_hdmasync adaptive 4 2
010-test_hdmatiming adaptive 3 2
011-test_irq adaptive 4 2
012-test_irq4200 adaptive 5 3
013-test_irq4209 adaptive 4 3
014-test_irqb adaptive 4 2
015-test_nmi adaptive 3 2
016-HblankEmuTest adaptive 4 2
017-SplitScreen adaptive 4 2
018-GSUADC adaptive 4 3
019-GSUADD adaptive 5 3
020-GSUAND adaptive 5 3
021-GSUASR adaptive 3 2
022-GSUBIC adaptive 5 3
023-GSUCACHEINJECT adaptive 4 2
024-GSUCMP adaptive 3 2
025-GSUDEC adaptive 4 2
026-GSUDIV2 adaptive 3 2
027-GSUFMULT adaptive 4 2
028-GSUHIB adaptive 4 2
029-GSUIBT adaptive 3 2
030-GSUINC adaptive 4 2
031-GSUIWT adaptive 4 2
032-GSULMULT adaptive 3 2
033-GSULOB adaptive 4 2
034-GSULSR adaptive 3 2
035-GSUMERGE adaptive 4 2
036-GSUMOVE adaptive 3 2
037-GSUMOVES adaptive 4 2
038-GSUMULT adaptive 5 3
039-GSUNOT adaptive 3 2
040-GSUOR adaptive 5 3
041-GSUROL adaptive 4 2
042-GSUROR adaptive 3 2
043-GSUSBC adaptive 4 2
044-GSUSEX adaptive 3 2
045-GSUSUB adaptive 5 3
046-GSUSWAP adaptive 3 2
047-GSUUMULT adaptive 5 3
048-GSUXOR adaptive 5 3
049-CPUADC adaptive 3 2
050-CPUAND adaptive 4 2
051-CPUASL adaptive 4 2
052-CPUBIT adaptive 3 2
053-CPUBRA adaptive 4 2
054-CPUCMP adaptive 4 3
055-CPUDEC adaptive 4 2
056-CPUEOR adaptive 3 2
057-CPUINC adaptive 4 2
058-CPUJMP adaptive 4 2
059-CPULDR adaptive 4 3
060-CPULSR adaptive 4 2
061-CPUMOV adaptive 3 2
062-CPUMSC adaptive 4 2
063-CPUORA adaptive 4 2
064-CPUPHL adaptive 3 2
065-CPUPSR adaptive 4 2
066-CPURET adaptive 3 2
067-CPUROL adaptive 4 2
068-CPUROR adaptive 4 2
069-CPUSBC adaptive 3 2
070-CPUSTR adaptive 5 3
071-CPUTRN adaptive 4 2
072-SPC700ADC adaptive 4 3
073-SPC700AND cap 16 13
074-SPC700DEC cap 16 14
075-SPC700EOR adaptive 4 3
076-SPC700INC cap 15 13
077-SPC700ORA cap 16 14
078-SPC700SBC cap 15 14
079-dma_irq_test adaptive 5 3
080-op_timing_test_v2 adaptive 5 3
081-timing_test adaptive 3 2
082-test adaptive 4 2
083-speed_test_v51 cap 16 14
084-SA1RamProtectionTest adaptive 6 4
085-SA1VersionCodeTest adaptive 3 2
086-spc_dsp6 adaptive 7 5
087-spc_mem_access_times adaptive 4 2
088-spc_smp adaptive 4 3
089-spc_timer adaptive 4 2
090-cputest adaptive 7 5
091-spctest adaptive 5 4
092-blargg_near_cd_quality adaptive 4 2
093-blargg_near_cd_quality2 adaptive 3 2
094-snes_test_tsc adaptive 5 3
095-controller_strobebehavior adaptive 4 2
096-speed_2_freezes2 adaptive 3 2
097-test_ram_disable_ipl adaptive 4 2
098-test_speed adaptive 4 2
099-test_timer_speed adaptive 3 2
100-test_timer_speed2 adaptive 4 2
101-test_timer_speed3 adaptive 3 2
102-test_timer_speed_2 adaptive 4 2
103-test_timer_stop adaptive 4 2
104-test_timer_stop2 adaptive 3 2
105-timer_at_power_reset adaptive 4 2
106-1-test_exec_from_io adaptive 3 2
107-2-test_single_instr adaptive 4 2
108-3-test_write_disable adaptive 3 2
109-4-test_ram_disable adaptive 4 2
110-demo_irqtest adaptive 3 2
111-demo_nmitest adaptive 4 2
112-irq adaptive 3 2
113-memtest adaptive 4 2
114-nmi adaptive 4 2
115-test_hdma adaptive 3 2
116-test_hdmasync adaptive 4 2
117-test_hdmatiming adaptive 3 2
118-test_irq adaptive 4 2
119-test_irq4200 adaptive 5 3
120-test_irq4209 adaptive 4 3
121-test_irqb adaptive 4 2
122-test_nmi adaptive 4 2
123-demo adaptive 3 2
124-cx4test adaptive 5 3
125-demo adaptive 4 2
126-div_behavior adaptive 3 2
127-div_timing adaptive 4 2
128-mul_behavior adaptive 3 2
129-mul_timing adaptive 4 2
130-demo_irq adaptive 3 2
131-demo_nmi adaptive 5 3
132-nmi adaptive 3 2
133-demo_nmitest adaptive 5 3
134-test_nmi adaptive 4 2
135-EMODE adaptive 3 2
136-intro adaptive 4 2
137-reset adaptive 4 2
138-rto adaptive 3 2
139-test_adc adaptive 4 2
140-test_adc_16 adaptive 3 2
141-test_sbc adaptive 4 2
142-test_sbc_16 adaptive 4 2
143-div_timing adaptive 4 3
144-mul_timing adaptive 4 2
145-test_dma adaptive 3 2
146-test_dot_timing adaptive 4 2
147-test_hdma adaptive 3 2
148-test_irq adaptive 4 2
149-test_nmi adaptive 3 2
150-test_oam adaptive 4 2
151-test_opt adaptive 4 2
152-test_vram adaptive 3 2
153-test_vram_timing adaptive 4 2
154-test_adc adaptive 3 2
155-test_sbc adaptive 4 2
156-demo adaptive 4 2
157-test_dmavalid adaptive 3 2
158-test_hdmasync adaptive 4 2
159-test_hdmatiming adaptive 3 2
160-test_hdmadisable adaptive 4 2
161-test_hdmasync adaptive 3 2
162-test_math adaptive 4 2
163-test_dma adaptive 3 2
164-test_dmasync adaptive 4 2
165-test_dmavalid adaptive 4 2
166-test_hdma adaptive 3 2
167-test_hdmasync adaptive 4 2
168-test_hdmatiming adaptive 3 2
169-test_mdrhdma adaptive 4 2
170-test_mdrhdma adaptive 4 2
171-test_mul adaptive 5 3
172-test_oam adaptive 3 2
173-test_hello cap 15 13
174-test_noise cap 15 13
175-Ladida_lol adaptive 4 2
176-ppubusact cap 15 13
177-smpspeed cap 16 14
178-tellinglys adaptive 3 2
179-demo_irqtest adaptive 4 2
180-demo_mode3 adaptive 4 2
181-demo_nmitest adaptive 4 3
182-test_irq adaptive 4 2
183-test_irq4200 adaptive 5 3
184-test_nmi adaptive 3 2
185-hdma-2100-glitch-2ch-0a adaptive 4 2
186-hdma-2100-glitch-2ch-81 adaptive 3 2
187-hdma-2100-glitch adaptive 4 2
188-hdma-21ff-2100-0f-glitch adaptive 4 2
189-hdma-21ff-2100-glitch adaptive 3 2
190-hdma-21ff-glitch adaptive 4 2
191-hdmaen_latch_test adaptive 4 2
192-hdmaen_latch_test_2 adaptive 5 4
193-inidisp_brightness_delay adaptive 4 2
194-inidisp_d7_glitch_test adaptive 4 2
195-inidisp_enable_display_mid_frame adaptive 3 2
196-inidisp_forgot_to_force_blank adaptive 4 2
197-inidisp_hammer_0f adaptive 4 2
198-inidisp_hammer_0f00 adaptive 3 2
199-inidisp_hammer_0f0f adaptive 4 2
200-inidisp_hammer_0f8f adaptive 3 2
201-inidisp_hammer_0f8f_fast adaptive 4 2
202-inidisp_hammer_0f_long adaptive 4 2
203-inidisp_hammer_8f0f adaptive 3 2
204-scpu-a-dma-bug-1 adaptive 4 2
205-scpu-a-dma-bug-2 adaptive 4 2
206-scpu-a-dma-bug-3 adaptive 3 2
207-scpu-a-dma-bug-5 adaptive 4 2
208-scpu-a-dma-bug-ch0 adaptive 3 2
209-scpu-a-dma-bug-fix adaptive 4 2
210-scpu-a-dma-bug-fix2 adaptive 3 2
211-scpu-a-dma-bug-r2 adaptive 4 2
212-scpu-a-dma-bug-strange adaptive 4 2
213-scpu-a-dma-bug-two-regs adaptive 3 2
214-u-hdma-timing-demonstration adaptive 4 2
215-u-hdmaen_latch_test adaptive 3 2
216-u-hdmaen_latch_test_2 adaptive 14 11
217-u-inidisp_brightness_0 adaptive 3 2
218-u-inidisp_brightness_delay adaptive 4 2
219-u-inidisp_enable_display_mid_frame adaptive 4 2
220-u-inidisp_forgot_to_force_blank adaptive 3 2
221-u-inidisp_forgot_to_force_blank_2 adaptive 4 2
222-u-joypad_bounce_test adaptive 3 2
223-u-joypad_rapid_read_test adaptive 4 2
224-u-mouse-cycle-sensitivity-test adaptive 4 2
225-u-object-dropout-test adaptive 3 2
226-u-reset-position-test adaptive 4 2
227-u-rumble-controller-latching adaptive 3 2
228-u-vram-mid-scanline-test adaptive 3 2
229-u-wrmpyb-in-flight adaptive 4 2
230-u-ipl-speed-test cap 20 18
231-u-auto-joy-timing-test cap 20 18
232-u-blip-autojoy-latches-joypad-test adaptive 3 2
233-u-blip-autojoy-test-automatic adaptive 9 7
234-u-blip-autojoy-test cap 20 18
235-u-blip-autojoy-timing-test adaptive 13 11
236-u-clear-autojoy-1st-vb-sl cap 21 18
237-u-clear-autojoy-after-autojoy-active adaptive 3 2
238-u-clear-autojoy-during-autojoy adaptive 18 15
239-u-clear-autojoy-timing-test adaptive 3 2
240-u-enable-autojoy-late-test-2 adaptive 7 5
241-u-enable-autojoy-late-test adaptive 7 5
242-u-joypad-latch-clear-during-autojoy cap 20 18
243-u-joypad-latch-set-during-autojoy cap 20 18
244-u-joyser0-read-during-autojoy cap 20 18
245-u-setini-early-read-mode7ex adaptive 4 2
246-u-setini-early-read-obj adaptive 3 2
247-u-quick-model1-dma-crash-4 adaptive 4 2
248-u-quick-model1-dma-crash-5 adaptive 3 2
249-u-quick-model1-dma-crash-6 adaptive 4 2
250-u-quick-model1-dma-crash-7 adaptive 3 2
251-u-quick-model1-dma-crash-irq-4 adaptive 4 2
252-u-quick-model1-dma-crash-irq-5 adaptive 4 2
253-u-quick-model1-dma-crash-irq-6 adaptive 3 2
254-u-quick-model1-dma-crash-irq-7 adaptive 4 2
255-u-hdma-2100-glitch-2ch-0a adaptive 3 2
256-u-hdma-2100-glitch-2ch-81 adaptive 4 2
257-u-hdma-2100-glitch adaptive 4 2
258-u-hdma-21ff-2100-0f-glitch adaptive 3 2
259-u-hdma-21ff-2100-glitch adaptive 4 2
260-u-hdma-21ff-glitch adaptive 3 2
261-u-inidisp-d7-glitch-test adaptive 4 2
262-u-inidisp-hammer-0f-long adaptive 4 2
263-u-inidisp-hammer-0f adaptive 3 2
264-u-inidisp-hammer-0f00 adaptive 4 2
265-u-inidisp-hammer-0f0f adaptive 3 2
266-u-inidisp-hammer-0f8f-fast adaptive 4 2
267-u-inidisp-hammer-0f8f adaptive 4 2
268-u-inidisp-hammer-8f0f adaptive 4 2
269-u-inidisp-hammer-long-0f2100 adaptive 3 2
270-u-scpu-a-dma-bug-1 adaptive 4 2
271-u-scpu-a-dma-bug-2 adaptive 3 2
272-u-scpu-a-dma-bug-3 adaptive 4 2
273-u-scpu-a-dma-bug-5 adaptive 3 2
274-u-scpu-a-dma-bug-ch0 adaptive 4 2
275-u-scpu-a-dma-bug-fix adaptive 4 2
276-u-scpu-a-dma-bug-fix2 adaptive 3 2
277-u-scpu-a-dma-bug-r2 adaptive 4 2
278-u-scpu-a-dma-bug-strange adaptive 3 2
279-u-scpu-a-dma-bug-two-regs adaptive 4 2
280-u-dma-ends-hdma-start-1-ch cap 21 19
281-u-hdma-failure-last-dma-value-test cap 20 18
END 20:24:47
