001-hvdma fixed 15 1
002-hvdma_max fixed 15 1
003-demo_irqtest fixed 45 1
004-demo_nmitest fixed 45 1
005-irq fixed 45 1
006-nmi fixed 45 1
007-snes_test_tsc fixed 45 1
008-test_hdma fixed 46 1
009-test_hdmasync fixed 45 1
010-test_hdmatiming fixed 45 1
011-test_irq fixed 46 1
012-test_irq4200 fixed 45 1
013-test_irq4209 fixed 45 1
014-test_irqb fixed 46 1
015-test_nmi fixed 45 1
016-HblankEmuTest fixed 16 1
017-SplitScreen fixed 15 1
018-GSUADC fixed 16 1
019-GSUADD fixed 15 1
020-GSUAND fixed 15 1
021-GSUASR fixed 16 1
022-GSUBIC fixed 15 1
023-GSUCACHEINJECT fixed 16 1
024-GSUCMP fixed 15 1
025-GSUDEC fixed 16 1
026-GSUDIV2 fixed 15 1
027-GSUFMULT fixed 16 1
028-GSUHIB fixed 15 1
029-GSUIBT fixed 15 1
030-GSUINC fixed 16 1
031-GSUIWT fixed 15 1
032-GSULMULT fixed 16 1
033-GSULOB fixed 15 1
034-GSULSR fixed 16 1
035-GSUMERGE fixed 15 1
036-GSUMOVE fixed 15 1
037-GSUMOVES fixed 16 1
038-GSUMULT fixed 15 1
039-GSUNOT fixed 16 1
040-GSUOR fixed 15 1
041-GSUROL fixed 15 1
042-GSUROR fixed 15 1
043-GSUSBC fixed 15 1
044-GSUSEX fixed 16 1
045-GSUSUB fixed 15 1
046-GSUSWAP fixed 16 1
047-GSUUMULT fixed 15 1
048-GSUXOR fixed 15 1
049-CPUADC fixed 16 1
050-CPUAND fixed 15 1
051-CPUASL fixed 16 1
052-CPUBIT fixed 15 1
053-CPUBRA fixed 16 1
054-CPUCMP fixed 15 1
055-CPUDEC fixed 16 1
056-CPUEOR fixed 15 1
057-CPUINC fixed 15 1
058-CPUJMP fixed 16 1
059-CPULDR fixed 15 1
060-CPULSR fixed 16 1
061-CPUMOV fixed 15 1
062-CPUMSC fixed 16 1
063-CPUORA fixed 15 1
064-CPUPHL fixed 16 1
065-CPUPSR fixed 15 1
066-CPURET fixed 15 1
067-CPUROL fixed 16 1
068-CPUROR fixed 15 1
069-CPUSBC fixed 15 1
070-CPUSTR fixed 16 1
071-CPUTRN fixed 15 1
072-SPC700ADC fixed 16 1
073-SPC700AND fixed 15 1
074-SPC700DEC fixed 15 1
075-SPC700EOR fixed 15 1
076-SPC700INC fixed 15 1
077-SPC700ORA fixed 16 1
078-SPC700SBC fixed 15 1
079-dma_irq_test fixed 16 1
080-op_timing_test_v2 fixed 15 1
081-timing_test fixed 16 1
082-test fixed 15 1
083-speed_test_v51 fixed 15 1
084-SA1RamProtectionTest fixed 16 1
085-SA1VersionCodeTest fixed 15 1
086-spc_dsp6 fixed 46 1
087-spc_mem_access_times fixed 45 1
088-spc_smp fixed 45 1
089-spc_timer fixed 46 1
090-cputest fixed 180 1
091-spctest fixed 181 1
092-blargg_near_cd_quality fixed 15 1
093-blargg_near_cd_quality2 fixed 16 1
094-snes_test_tsc fixed 15 1
095-controller_strobebehavior fixed 15 1
096-speed_2_freezes2 fixed 16 1
097-test_ram_disable_ipl fixed 15 1
098-test_speed fixed 16 1
099-test_timer_speed fixed 15 1
100-test_timer_speed2 fixed 15 1
101-test_timer_speed3 fixed 16 1
102-test_timer_speed_2 fixed 15 1
103-test_timer_stop fixed 16 1
104-test_timer_stop2 fixed 15 1
105-timer_at_power_reset fixed 15 1
106-1-test_exec_from_io fixed 15 1
107-2-test_single_instr fixed 15 1
108-3-test_write_disable fixed 16 1
109-4-test_ram_disable fixed 15 1
110-demo_irqtest fixed 16 1
111-demo_nmitest fixed 15 1
112-irq fixed 16 1
113-memtest fixed 15 1
114-nmi fixed 15 1
115-test_hdma fixed 15 1
116-test_hdmasync fixed 15 1
117-test_hdmatiming fixed 16 1
118-test_irq fixed 15 1
119-test_irq4200 fixed 16 1
120-test_irq4209 fixed 15 1
121-test_irqb fixed 15 1
122-test_nmi fixed 16 1
123-demo fixed 15 1
124-cx4test fixed 16 1
125-demo fixed 15 1
126-div_behavior fixed 16 1
127-div_timing fixed 15 1
128-mul_behavior fixed 15 1
129-mul_timing fixed 16 1
130-demo_irq fixed 15 1
131-demo_nmi fixed 16 1
132-nmi fixed 15 1
133-demo_nmitest fixed 16 1
134-test_nmi fixed 15 1
135-EMODE fixed 15 1
136-intro fixed 16 1
137-reset fixed 15 1
138-rto fixed 16 1
139-test_adc fixed 15 1
140-test_adc_16 fixed 16 1
141-test_sbc fixed 15 1
142-test_sbc_16 fixed 16 1
143-div_timing fixed 15 1
144-mul_timing fixed 15 1
145-test_dma fixed 16 1
146-test_dot_timing fixed 15 1
147-test_hdma fixed 16 1
148-test_irq fixed 15 1
149-test_nmi fixed 16 1
150-test_oam fixed 15 1
151-test_opt fixed 15 1
152-test_vram fixed 15 1
153-test_vram_timing fixed 15 1
154-test_adc fixed 16 1
155-test_sbc fixed 15 1
156-demo fixed 16 1
157-test_dmavalid fixed 15 1
158-test_hdmasync fixed 16 1
159-test_hdmatiming fixed 15 1
160-test_hdmadisable fixed 16 1
161-test_hdmasync fixed 15 1
162-test_math fixed 16 1
163-test_dma fixed 15 1
164-test_dmasync fixed 15 1
165-test_dmavalid fixed 16 1
166-test_hdma fixed 15 1
167-test_hdmasync fixed 16 1
168-test_hdmatiming fixed 15 1
169-test_mdrhdma fixed 16 1
170-test_mdrhdma fixed 15 1
171-test_mul fixed 15 1
172-test_oam fixed 16 1
173-test_hello fixed 15 1
174-test_noise fixed 16 1
175-Ladida_lol fixed 15 1
176-ppubusact fixed 16 1
177-smpspeed fixed 15 1
178-tellinglys fixed 15 1
179-demo_irqtest fixed 16 1
180-demo_mode3 fixed 15 1
181-demo_nmitest fixed 16 1
182-test_irq fixed 15 1
183-test_irq4200 fixed 16 1
184-test_nmi fixed 15 1
185-hdma-2100-glitch-2ch-0a fixed 16 1
186-hdma-2100-glitch-2ch-81 fixed 15 1
187-hdma-2100-glitch fixed 15 1
188-hdma-21ff-2100-0f-glitch fixed 16 1
189-hdma-21ff-2100-glitch fixed 15 1
190-hdma-21ff-glitch fixed 16 1
191-hdmaen_latch_test fixed 15 1
192-hdmaen_latch_test_2 fixed 15 1
193-inidisp_brightness_delay fixed 15 1
194-inidisp_d7_glitch_test fixed 15 1
195-inidisp_enable_display_mid_frame fixed 16 1
196-inidisp_forgot_to_force_blank fixed 15 1
197-inidisp_hammer_0f fixed 16 1
198-inidisp_hammer_0f00 fixed 15 1
199-inidisp_hammer_0f0f fixed 16 1
200-inidisp_hammer_0f8f fixed 15 1
201-inidisp_hammer_0f8f_fast fixed 15 1
202-inidisp_hammer_0f_long fixed 16 1
203-inidisp_hammer_8f0f fixed 15 1
204-scpu-a-dma-bug-1 fixed 16 1
205-scpu-a-dma-bug-2 fixed 15 1
206-scpu-a-dma-bug-3 fixed 15 1
207-scpu-a-dma-bug-5 fixed 15 1
208-scpu-a-dma-bug-ch0 fixed 15 1
209-scpu-a-dma-bug-fix fixed 16 1
210-scpu-a-dma-bug-fix2 fixed 15 1
211-scpu-a-dma-bug-r2 fixed 16 1
212-scpu-a-dma-bug-strange fixed 15 1
213-scpu-a-dma-bug-two-regs fixed 15 1
214-u-hdma-timing-demonstration fixed 21 1
215-u-hdmaen_latch_test fixed 20 1
216-u-hdmaen_latch_test_2 fixed 21 1
217-u-inidisp_brightness_0 fixed 20 1
218-u-inidisp_brightness_delay fixed 21 1
219-u-inidisp_enable_display_mid_frame fixed 20 1
220-u-inidisp_forgot_to_force_blank fixed 20 1
221-u-inidisp_forgot_to_force_blank_2 fixed 21 1
222-u-joypad_bounce_test fixed 20 1
223-u-joypad_rapid_read_test fixed 21 1
224-u-mouse-cycle-sensitivity-test fixed 20 1
225-u-object-dropout-test fixed 21 1
226-u-reset-position-test fixed 20 1
227-u-rumble-controller-latching fixed 20 1
228-u-vram-mid-scanline-test fixed 21 1
229-u-wrmpyb-in-flight fixed 20 1
230-u-ipl-speed-test fixed 21 1
231-u-auto-joy-timing-test fixed 20 1
232-u-blip-autojoy-latches-joypad-test fixed 21 1
233-u-blip-autojoy-test-automatic fixed 20 1
234-u-blip-autojoy-test fixed 20 1
235-u-blip-autojoy-timing-test fixed 21 1
236-u-clear-autojoy-1st-vb-sl fixed 20 1
237-u-clear-autojoy-after-autojoy-active fixed 21 1
238-u-clear-autojoy-during-autojoy fixed 20 1
239-u-clear-autojoy-timing-test fixed 20 1
240-u-enable-autojoy-late-test-2 fixed 21 1
241-u-enable-autojoy-late-test fixed 20 1
242-u-joypad-latch-clear-during-autojoy fixed 20 1
243-u-joypad-latch-set-during-autojoy fixed 20 1
244-u-joyser0-read-during-autojoy fixed 20 1
245-u-setini-early-read-mode7ex fixed 21 1
246-u-setini-early-read-obj fixed 20 1
247-u-quick-model1-dma-crash-4 fixed 20 1
248-u-quick-model1-dma-crash-5 fixed 21 1
249-u-quick-model1-dma-crash-6 fixed 20 1
250-u-quick-model1-dma-crash-7 fixed 21 1
251-u-quick-model1-dma-crash-irq-4 fixed 20 1
252-u-quick-model1-dma-crash-irq-5 fixed 20 1
253-u-quick-model1-dma-crash-irq-6 fixed 21 1
254-u-quick-model1-dma-crash-irq-7 fixed 20 1
255-u-hdma-2100-glitch-2ch-0a fixed 21 1
256-u-hdma-2100-glitch-2ch-81 fixed 20 1
257-u-hdma-2100-glitch fixed 21 1
258-u-hdma-21ff-2100-0f-glitch fixed 20 1
259-u-hdma-21ff-2100-glitch fixed 20 1
260-u-hdma-21ff-glitch fixed 21 1
261-u-inidisp-d7-glitch-test fixed 20 1
262-u-inidisp-hammer-0f-long fixed 21 1
263-u-inidisp-hammer-0f fixed 20 1
264-u-inidisp-hammer-0f00 fixed 21 1
265-u-inidisp-hammer-0f0f fixed 20 1
266-u-inidisp-hammer-0f8f-fast fixed 20 1
267-u-inidisp-hammer-0f8f fixed 21 1
268-u-inidisp-hammer-8f0f fixed 20 1
269-u-inidisp-hammer-long-0f2100 fixed 21 1
270-u-scpu-a-dma-bug-1 fixed 20 1
271-u-scpu-a-dma-bug-2 fixed 21 1
272-u-scpu-a-dma-bug-3 fixed 20 1
273-u-scpu-a-dma-bug-5 fixed 21 1
274-u-scpu-a-dma-bug-ch0 fixed 20 1
275-u-scpu-a-dma-bug-fix fixed 20 1
276-u-scpu-a-dma-bug-fix2 fixed 21 1
277-u-scpu-a-dma-bug-r2 fixed 20 1
278-u-scpu-a-dma-bug-strange fixed 21 1
279-u-scpu-a-dma-bug-two-regs fixed 20 1
280-u-dma-ends-hdma-start-1-ch fixed 20 1
281-u-hdma-failure-last-dma-value-test fixed 20 1
END 20:01:44
